✓ web/src/components/searchConfig.vue
✓ web/src/api/knowledge.js
✓ web/src/views/agent/web-URL/createApi.vue
✓ web/src/views/agent/web-URL/createUrl.vue
✓ web/src/views/agent/components/modelSetDialog.vue
✓ web/src/views/agent/components/EditableDivV3.vue
✓ web/src/views/agent/components/knowledgeSetDialog.vue
✓ web/src/views/agent/components/form.vue
✓ web/src/views/agent/components/ApiKeyDialog.vue
✓ web/src/views/agent/components/Prologue.vue
✓ web/src/views/agent/components/action/index.vue
✓ web/src/views/rag/index.vue
✓ web/src/views/rag/components/modelSetDialog.vue
✓ web/src/views/rag/components/EditableDivV3.vue
✓ web/src/views/rag/components/knowledgeSetDialog.vue
✓ web/src/views/rag/components/form.vue
✓ web/src/views/rag/components/ApiKeyDialog.vue
✓ web/src/views/safety/index.vue
✓ web/src/views/safety/component/wordList.vue
✓ web/src/views/knowledge/component/sectionShow.vue
✓ web/src/views/knowledge/component/dataBaseDialog.vue
✓ web/src/views/knowledge/component/doclist.vue
✓ web/src/views/knowledge/keyword/index.vue
✓ web/src/views/knowledge/keyword/create.vue
✓ web/src/views/tool/tool/custom/addDialog.vue

Translated 25 files
