✓ web/src/mixins/sseMethod.js
✓ web/src/mixins/uploadChunk.js
✓ web/src/utils/printPlus2.js
✓ web/src/utils/request.js
✓ web/src/components/searchConfig.vue
✓ web/src/api/cubm.js
✓ web/src/api/knowledge.js
✓ web/src/api/modelAccess.js
✓ web/src/api/chat.js
✓ web/src/api/chunkFile.js
✓ web/src/views/layout/index.vue
✓ web/src/views/agent/components/EditableDivV3.vue
✓ web/src/views/agent/components/chat.vue
✓ web/src/views/agent/components/form.vue
✓ web/src/views/agent/components/SessionComponentSe.vue
✓ web/src/views/agent/components/action/index.vue
✓ web/src/views/modelAccess/index.vue
✓ web/src/views/rag/components/knowledgeSetDialog.vue
✓ web/src/views/rag/components/chat.vue
✓ web/src/views/rag/components/SessionComponentSe.vue
✓ web/src/views/workflowRun/index.vue
✓ web/src/views/workflowRun/run/DebugDrawer.vue
✓ web/src/views/safety/index.vue
✓ web/src/views/safety/component/wordList.vue
✓ web/src/views/knowledge/component/knowledgeList.vue
✓ web/src/views/knowledge/component/doclist.vue
✓ web/src/views/knowledge/component/upload.vue
✓ web/src/views/knowledge/component/power/index.vue
✓ web/src/views/knowledge/component/power/list.vue
✓ web/src/views/knowledge/component/power/create.vue
✓ web/src/views/permission/index.vue
✓ web/src/views/permission/components/selectTree.vue
✓ web/src/store/module/workflow.js
✓ web/src/router/constants.js

Translated 34 files
